../Core/Src/main.c:71:5:main	8	static
../Core/Src/main.c:132:6:SystemClock_Config	88	static
../Core/Src/main.c:173:13:MX_NVIC_Init	8	static
../Core/Src/main.c:194:13:MX_TIM2_Init	32	static
../Core/Src/main.c:239:13:MX_TIM3_Init	32	static
../Core/Src/main.c:284:13:MX_TIM4_Init	32	static
../Core/Src/main.c:329:13:MX_GPIO_Init	40	static
../Core/Src/main.c:356:6:HAL_GPIO_EXTI_Callback	16	static
../Core/Src/main.c:368:6:HAL_TIM_PeriodElapsedCallback	16	static
../Core/Src/main.c:406:6:Error_Handler	4	static,ignoring_inline_asm
